running egg_info
writing ../../build/chapter3_pkg/chapter3_pkg.egg-info/PKG-INFO
writing dependency_links to ../../build/chapter3_pkg/chapter3_pkg.egg-info/dependency_links.txt
writing entry points to ../../build/chapter3_pkg/chapter3_pkg.egg-info/entry_points.txt
writing requirements to ../../build/chapter3_pkg/chapter3_pkg.egg-info/requires.txt
writing top-level names to ../../build/chapter3_pkg/chapter3_pkg.egg-info/top_level.txt
reading manifest file '../../build/chapter3_pkg/chapter3_pkg.egg-info/SOURCES.txt'
writing manifest file '../../build/chapter3_pkg/chapter3_pkg.egg-info/SOURCES.txt'
running build
running build_py
running install
running install_lib
running install_data
copying launch/test.launch.py -> /home/lhl87/fourth_task/install/chapter3_pkg/share/chapter3_pkg/launch
copying config/params.yaml -> /home/lhl87/fourth_task/install/chapter3_pkg/share/chapter3_pkg/config
running install_egg_info
removing '/home/lhl87/fourth_task/install/chapter3_pkg/lib/python3.10/site-packages/chapter3_pkg-0.0.0-py3.10.egg-info' (and everything under it)
Copying ../../build/chapter3_pkg/chapter3_pkg.egg-info to /home/lhl87/fourth_task/install/chapter3_pkg/lib/python3.10/site-packages/chapter3_pkg-0.0.0-py3.10.egg-info
running install_scripts
Installing publisher script to /home/lhl87/fourth_task/install/chapter3_pkg/lib/chapter3_pkg
Installing subscriber script to /home/lhl87/fourth_task/install/chapter3_pkg/lib/chapter3_pkg
writing list of installed files to '/home/lhl87/fourth_task/build/chapter3_pkg/install.log'
