[0.361s] Invoking command in '/home/lhl87/fourth_task/src/mai_pkg': PYTHONPATH=/home/lhl87/fourth_task/build/mai_pkg/prefix_override:/usr/lib/python3/dist-packages/colcon_core/task/python/colcon_distutils_commands:/home/lhl87/fourth_task/install/mai_pkg/lib/python3.10/site-packages:${PYTHONPATH} /usr/bin/python3 -W ignore:setup.py install is deprecated -W ignore:easy_install command is deprecated setup.py egg_info --egg-base ../../build/mai_pkg build --build-base /home/lhl87/fourth_task/build/mai_pkg/build install --record /home/lhl87/fourth_task/build/mai_pkg/install.log --install-scripts $base/lib/mai_pkg --single-version-externally-managed install_data
[0.457s] running egg_info
[0.457s] writing ../../build/mai_pkg/mai_pkg.egg-info/PKG-INFO
[0.458s] writing dependency_links to ../../build/mai_pkg/mai_pkg.egg-info/dependency_links.txt
[0.458s] writing entry points to ../../build/mai_pkg/mai_pkg.egg-info/entry_points.txt
[0.458s] writing requirements to ../../build/mai_pkg/mai_pkg.egg-info/requires.txt
[0.458s] writing top-level names to ../../build/mai_pkg/mai_pkg.egg-info/top_level.txt
[0.458s] reading manifest file '../../build/mai_pkg/mai_pkg.egg-info/SOURCES.txt'
[0.459s] writing manifest file '../../build/mai_pkg/mai_pkg.egg-info/SOURCES.txt'
[0.459s] running build
[0.459s] running build_py
[0.459s] running install
[0.459s] running install_lib
[0.460s] running install_data
[0.460s] running install_egg_info
[0.461s] removing '/home/lhl87/fourth_task/install/mai_pkg/lib/python3.10/site-packages/mai_pkg-0.0.0-py3.10.egg-info' (and everything under it)
[0.461s] Copying ../../build/mai_pkg/mai_pkg.egg-info to /home/lhl87/fourth_task/install/mai_pkg/lib/python3.10/site-packages/mai_pkg-0.0.0-py3.10.egg-info
[0.462s] running install_scripts
[0.472s] Installing TurtleControl script to /home/lhl87/fourth_task/install/mai_pkg/lib/mai_pkg
[0.472s] writing list of installed files to '/home/lhl87/fourth_task/build/mai_pkg/install.log'
[0.482s] Invoked command in '/home/lhl87/fourth_task/src/mai_pkg' returned '0': PYTHONPATH=/home/lhl87/fourth_task/build/mai_pkg/prefix_override:/usr/lib/python3/dist-packages/colcon_core/task/python/colcon_distutils_commands:/home/lhl87/fourth_task/install/mai_pkg/lib/python3.10/site-packages:${PYTHONPATH} /usr/bin/python3 -W ignore:setup.py install is deprecated -W ignore:easy_install command is deprecated setup.py egg_info --egg-base ../../build/mai_pkg build --build-base /home/lhl87/fourth_task/build/mai_pkg/build install --record /home/lhl87/fourth_task/build/mai_pkg/install.log --install-scripts $base/lib/mai_pkg --single-version-externally-managed install_data
