running egg_info
creating ../../build/mai_pkg/mai_pkg.egg-info
writing ../../build/mai_pkg/mai_pkg.egg-info/PKG-INFO
writing dependency_links to ../../build/mai_pkg/mai_pkg.egg-info/dependency_links.txt
writing entry points to ../../build/mai_pkg/mai_pkg.egg-info/entry_points.txt
writing requirements to ../../build/mai_pkg/mai_pkg.egg-info/requires.txt
writing top-level names to ../../build/mai_pkg/mai_pkg.egg-info/top_level.txt
writing manifest file '../../build/mai_pkg/mai_pkg.egg-info/SOURCES.txt'
reading manifest file '../../build/mai_pkg/mai_pkg.egg-info/SOURCES.txt'
writing manifest file '../../build/mai_pkg/mai_pkg.egg-info/SOURCES.txt'
running build
running build_py
creating /home/lhl87/fourth_task/build/mai_pkg/build
creating /home/lhl87/fourth_task/build/mai_pkg/build/lib
creating /home/lhl87/fourth_task/build/mai_pkg/build/lib/mai_pkg
copying mai_pkg/turtle_control.py -> /home/lhl87/fourth_task/build/mai_pkg/build/lib/mai_pkg
copying mai_pkg/__init__.py -> /home/lhl87/fourth_task/build/mai_pkg/build/lib/mai_pkg
running install
running install_lib
creating /home/lhl87/fourth_task/install/mai_pkg/lib/python3.10/site-packages/mai_pkg
copying /home/lhl87/fourth_task/build/mai_pkg/build/lib/mai_pkg/turtle_control.py -> /home/lhl87/fourth_task/install/mai_pkg/lib/python3.10/site-packages/mai_pkg
copying /home/lhl87/fourth_task/build/mai_pkg/build/lib/mai_pkg/__init__.py -> /home/lhl87/fourth_task/install/mai_pkg/lib/python3.10/site-packages/mai_pkg
byte-compiling /home/lhl87/fourth_task/install/mai_pkg/lib/python3.10/site-packages/mai_pkg/turtle_control.py to turtle_control.cpython-310.pyc
byte-compiling /home/lhl87/fourth_task/install/mai_pkg/lib/python3.10/site-packages/mai_pkg/__init__.py to __init__.cpython-310.pyc
  File "/home/lhl87/fourth_task/install/mai_pkg/lib/python3.10/site-packages/mai_pkg/turtle_control.py", line 37
    self.get_logger().info(f'{'Tur_control'},启动! ')
                               ^^^^^^^^^^^
SyntaxError: f-string: expecting '}'

running install_data
creating /home/lhl87/fourth_task/install/mai_pkg/share/ament_index
creating /home/lhl87/fourth_task/install/mai_pkg/share/ament_index/resource_index
creating /home/lhl87/fourth_task/install/mai_pkg/share/ament_index/resource_index/packages
copying resource/mai_pkg -> /home/lhl87/fourth_task/install/mai_pkg/share/ament_index/resource_index/packages
copying package.xml -> /home/lhl87/fourth_task/install/mai_pkg/share/mai_pkg
running install_egg_info
Copying ../../build/mai_pkg/mai_pkg.egg-info to /home/lhl87/fourth_task/install/mai_pkg/lib/python3.10/site-packages/mai_pkg-0.0.0-py3.10.egg-info
running install_scripts
Installing TurtleControl script to /home/lhl87/fourth_task/install/mai_pkg/lib/mai_pkg
writing list of installed files to '/home/lhl87/fourth_task/build/mai_pkg/install.log'
