[0.412s] Invoking command in '/home/lhl87/fourth_task/src/mai_pkg': PYTHONPATH=/home/lhl87/fourth_task/build/mai_pkg/prefix_override:/usr/lib/python3/dist-packages/colcon_core/task/python/colcon_distutils_commands:/home/lhl87/fourth_task/install/mai_pkg/lib/python3.10/site-packages:${PYTHONPATH} /usr/bin/python3 -W ignore:setup.py install is deprecated -W ignore:easy_install command is deprecated setup.py egg_info --egg-base ../../build/mai_pkg build --build-base /home/lhl87/fourth_task/build/mai_pkg/build install --record /home/lhl87/fourth_task/build/mai_pkg/install.log --install-scripts $base/lib/mai_pkg --single-version-externally-managed install_data
[0.517s] running egg_info
[0.517s] creating ../../build/mai_pkg/mai_pkg.egg-info
[0.517s] writing ../../build/mai_pkg/mai_pkg.egg-info/PKG-INFO
[0.517s] writing dependency_links to ../../build/mai_pkg/mai_pkg.egg-info/dependency_links.txt
[0.517s] writing entry points to ../../build/mai_pkg/mai_pkg.egg-info/entry_points.txt
[0.518s] writing requirements to ../../build/mai_pkg/mai_pkg.egg-info/requires.txt
[0.518s] writing top-level names to ../../build/mai_pkg/mai_pkg.egg-info/top_level.txt
[0.518s] writing manifest file '../../build/mai_pkg/mai_pkg.egg-info/SOURCES.txt'
[0.518s] reading manifest file '../../build/mai_pkg/mai_pkg.egg-info/SOURCES.txt'
[0.519s] writing manifest file '../../build/mai_pkg/mai_pkg.egg-info/SOURCES.txt'
[0.519s] running build
[0.519s] running build_py
[0.519s] creating /home/lhl87/fourth_task/build/mai_pkg/build
[0.519s] creating /home/lhl87/fourth_task/build/mai_pkg/build/lib
[0.519s] creating /home/lhl87/fourth_task/build/mai_pkg/build/lib/mai_pkg
[0.519s] copying mai_pkg/turtle_control.py -> /home/lhl87/fourth_task/build/mai_pkg/build/lib/mai_pkg
[0.519s] copying mai_pkg/__init__.py -> /home/lhl87/fourth_task/build/mai_pkg/build/lib/mai_pkg
[0.520s] running install
[0.520s] running install_lib
[0.521s] creating /home/lhl87/fourth_task/install/mai_pkg/lib/python3.10/site-packages/mai_pkg
[0.521s] copying /home/lhl87/fourth_task/build/mai_pkg/build/lib/mai_pkg/turtle_control.py -> /home/lhl87/fourth_task/install/mai_pkg/lib/python3.10/site-packages/mai_pkg
[0.521s] copying /home/lhl87/fourth_task/build/mai_pkg/build/lib/mai_pkg/__init__.py -> /home/lhl87/fourth_task/install/mai_pkg/lib/python3.10/site-packages/mai_pkg
[0.521s] byte-compiling /home/lhl87/fourth_task/install/mai_pkg/lib/python3.10/site-packages/mai_pkg/turtle_control.py to turtle_control.cpython-310.pyc
[0.521s] byte-compiling /home/lhl87/fourth_task/install/mai_pkg/lib/python3.10/site-packages/mai_pkg/__init__.py to __init__.cpython-310.pyc
[0.522s]   File "/home/lhl87/fourth_task/install/mai_pkg/lib/python3.10/site-packages/mai_pkg/turtle_control.py", line 37
[0.522s]     self.get_logger().info(f'{'Tur_control'},启动! ')
[0.522s]                                ^^^^^^^^^^^
[0.522s] SyntaxError: f-string: expecting '}'
[0.522s] 
[0.522s] running install_data
[0.522s] creating /home/lhl87/fourth_task/install/mai_pkg/share/ament_index
[0.522s] creating /home/lhl87/fourth_task/install/mai_pkg/share/ament_index/resource_index
[0.522s] creating /home/lhl87/fourth_task/install/mai_pkg/share/ament_index/resource_index/packages
[0.522s] copying resource/mai_pkg -> /home/lhl87/fourth_task/install/mai_pkg/share/ament_index/resource_index/packages
[0.522s] copying package.xml -> /home/lhl87/fourth_task/install/mai_pkg/share/mai_pkg
[0.522s] running install_egg_info
[0.523s] Copying ../../build/mai_pkg/mai_pkg.egg-info to /home/lhl87/fourth_task/install/mai_pkg/lib/python3.10/site-packages/mai_pkg-0.0.0-py3.10.egg-info
[0.524s] running install_scripts
[0.535s] Installing TurtleControl script to /home/lhl87/fourth_task/install/mai_pkg/lib/mai_pkg
[0.536s] writing list of installed files to '/home/lhl87/fourth_task/build/mai_pkg/install.log'
[0.548s] Invoked command in '/home/lhl87/fourth_task/src/mai_pkg' returned '0': PYTHONPATH=/home/lhl87/fourth_task/build/mai_pkg/prefix_override:/usr/lib/python3/dist-packages/colcon_core/task/python/colcon_distutils_commands:/home/lhl87/fourth_task/install/mai_pkg/lib/python3.10/site-packages:${PYTHONPATH} /usr/bin/python3 -W ignore:setup.py install is deprecated -W ignore:easy_install command is deprecated setup.py egg_info --egg-base ../../build/mai_pkg build --build-base /home/lhl87/fourth_task/build/mai_pkg/build install --record /home/lhl87/fourth_task/build/mai_pkg/install.log --install-scripts $base/lib/mai_pkg --single-version-externally-managed install_data
