[0.278s] Invoking command in '/home/lhl87/fourth_task/src/chapter3_pkg': PYTHONPATH=/home/lhl87/fourth_task/build/chapter3_pkg/prefix_override:/usr/lib/python3/dist-packages/colcon_core/task/python/colcon_distutils_commands:/home/lhl87/fourth_task/install/chapter3_pkg/lib/python3.10/site-packages:${PYTHONPATH} /usr/bin/python3 -W ignore:setup.py install is deprecated -W ignore:easy_install command is deprecated setup.py egg_info --egg-base ../../build/chapter3_pkg build --build-base /home/lhl87/fourth_task/build/chapter3_pkg/build install --record /home/lhl87/fourth_task/build/chapter3_pkg/install.log --install-scripts $base/lib/chapter3_pkg --single-version-externally-managed install_data
[0.381s] running egg_info
[0.381s] writing ../../build/chapter3_pkg/chapter3_pkg.egg-info/PKG-INFO
[0.381s] writing dependency_links to ../../build/chapter3_pkg/chapter3_pkg.egg-info/dependency_links.txt
[0.381s] writing entry points to ../../build/chapter3_pkg/chapter3_pkg.egg-info/entry_points.txt
[0.381s] writing requirements to ../../build/chapter3_pkg/chapter3_pkg.egg-info/requires.txt
[0.381s] writing top-level names to ../../build/chapter3_pkg/chapter3_pkg.egg-info/top_level.txt
[0.382s] reading manifest file '../../build/chapter3_pkg/chapter3_pkg.egg-info/SOURCES.txt'
[0.382s] writing manifest file '../../build/chapter3_pkg/chapter3_pkg.egg-info/SOURCES.txt'
[0.382s] running build
[0.383s] running build_py
[0.383s] running install
[0.383s] running install_lib
[0.384s] running install_data
[0.384s] copying launch/test.launch.py -> /home/lhl87/fourth_task/install/chapter3_pkg/share/chapter3_pkg/launch
[0.384s] running install_egg_info
[0.385s] removing '/home/lhl87/fourth_task/install/chapter3_pkg/lib/python3.10/site-packages/chapter3_pkg-0.0.0-py3.10.egg-info' (and everything under it)
[0.385s] Copying ../../build/chapter3_pkg/chapter3_pkg.egg-info to /home/lhl87/fourth_task/install/chapter3_pkg/lib/python3.10/site-packages/chapter3_pkg-0.0.0-py3.10.egg-info
[0.385s] running install_scripts
[0.396s] Installing publisher script to /home/lhl87/fourth_task/install/chapter3_pkg/lib/chapter3_pkg
[0.396s] Installing subscriber script to /home/lhl87/fourth_task/install/chapter3_pkg/lib/chapter3_pkg
[0.396s] writing list of installed files to '/home/lhl87/fourth_task/build/chapter3_pkg/install.log'
[0.407s] Invoked command in '/home/lhl87/fourth_task/src/chapter3_pkg' returned '0': PYTHONPATH=/home/lhl87/fourth_task/build/chapter3_pkg/prefix_override:/usr/lib/python3/dist-packages/colcon_core/task/python/colcon_distutils_commands:/home/lhl87/fourth_task/install/chapter3_pkg/lib/python3.10/site-packages:${PYTHONPATH} /usr/bin/python3 -W ignore:setup.py install is deprecated -W ignore:easy_install command is deprecated setup.py egg_info --egg-base ../../build/chapter3_pkg build --build-base /home/lhl87/fourth_task/build/chapter3_pkg/build install --record /home/lhl87/fourth_task/build/chapter3_pkg/install.log --install-scripts $base/lib/chapter3_pkg --single-version-externally-managed install_data
