[0.386s] Invoking command in '/home/lhl87/fourth_task/src/chapter2_pkg': PYTHONPATH=/home/lhl87/fourth_task/build/chapter2_pkg/prefix_override:/usr/lib/python3/dist-packages/colcon_core/task/python/colcon_distutils_commands:/home/lhl87/fourth_task/install/chapter2_pkg/lib/python3.10/site-packages:${PYTHONPATH} /usr/bin/python3 -W ignore:setup.py install is deprecated -W ignore:easy_install command is deprecated setup.py egg_info --egg-base ../../build/chapter2_pkg build --build-base /home/lhl87/fourth_task/build/chapter2_pkg/build install --record /home/lhl87/fourth_task/build/chapter2_pkg/install.log --install-scripts $base/lib/chapter2_pkg --single-version-externally-managed install_data
[0.484s] running egg_info
[0.485s] creating ../../build/chapter2_pkg/chapter2_pkg.egg-info
[0.485s] writing ../../build/chapter2_pkg/chapter2_pkg.egg-info/PKG-INFO
[0.485s] writing dependency_links to ../../build/chapter2_pkg/chapter2_pkg.egg-info/dependency_links.txt
[0.485s] writing entry points to ../../build/chapter2_pkg/chapter2_pkg.egg-info/entry_points.txt
[0.485s] writing requirements to ../../build/chapter2_pkg/chapter2_pkg.egg-info/requires.txt
[0.485s] writing top-level names to ../../build/chapter2_pkg/chapter2_pkg.egg-info/top_level.txt
[0.485s] writing manifest file '../../build/chapter2_pkg/chapter2_pkg.egg-info/SOURCES.txt'
[0.486s] reading manifest file '../../build/chapter2_pkg/chapter2_pkg.egg-info/SOURCES.txt'
[0.486s] writing manifest file '../../build/chapter2_pkg/chapter2_pkg.egg-info/SOURCES.txt'
[0.486s] running build
[0.486s] running build_py
[0.486s] creating /home/lhl87/fourth_task/build/chapter2_pkg/build
[0.487s] creating /home/lhl87/fourth_task/build/chapter2_pkg/build/lib
[0.487s] creating /home/lhl87/fourth_task/build/chapter2_pkg/build/lib/chapter2_pkg
[0.487s] copying chapter2_pkg/subscriber.py -> /home/lhl87/fourth_task/build/chapter2_pkg/build/lib/chapter2_pkg
[0.487s] copying chapter2_pkg/__init__.py -> /home/lhl87/fourth_task/build/chapter2_pkg/build/lib/chapter2_pkg
[0.487s] copying chapter2_pkg/publisher.py -> /home/lhl87/fourth_task/build/chapter2_pkg/build/lib/chapter2_pkg
[0.487s] running install
[0.487s] running install_lib
[0.488s] creating /home/lhl87/fourth_task/install/chapter2_pkg/lib/python3.10/site-packages/chapter2_pkg
[0.488s] copying /home/lhl87/fourth_task/build/chapter2_pkg/build/lib/chapter2_pkg/subscriber.py -> /home/lhl87/fourth_task/install/chapter2_pkg/lib/python3.10/site-packages/chapter2_pkg
[0.488s] copying /home/lhl87/fourth_task/build/chapter2_pkg/build/lib/chapter2_pkg/__init__.py -> /home/lhl87/fourth_task/install/chapter2_pkg/lib/python3.10/site-packages/chapter2_pkg
[0.488s] copying /home/lhl87/fourth_task/build/chapter2_pkg/build/lib/chapter2_pkg/publisher.py -> /home/lhl87/fourth_task/install/chapter2_pkg/lib/python3.10/site-packages/chapter2_pkg
[0.488s] byte-compiling /home/lhl87/fourth_task/install/chapter2_pkg/lib/python3.10/site-packages/chapter2_pkg/subscriber.py to subscriber.cpython-310.pyc
[0.488s] byte-compiling /home/lhl87/fourth_task/install/chapter2_pkg/lib/python3.10/site-packages/chapter2_pkg/__init__.py to __init__.cpython-310.pyc
[0.488s] byte-compiling /home/lhl87/fourth_task/install/chapter2_pkg/lib/python3.10/site-packages/chapter2_pkg/publisher.py to publisher.cpython-310.pyc
[0.489s] running install_data
[0.489s] creating /home/lhl87/fourth_task/install/chapter2_pkg/share/ament_index
[0.489s] creating /home/lhl87/fourth_task/install/chapter2_pkg/share/ament_index/resource_index
[0.489s] creating /home/lhl87/fourth_task/install/chapter2_pkg/share/ament_index/resource_index/packages
[0.489s] copying resource/chapter2_pkg -> /home/lhl87/fourth_task/install/chapter2_pkg/share/ament_index/resource_index/packages
[0.489s] copying package.xml -> /home/lhl87/fourth_task/install/chapter2_pkg/share/chapter2_pkg
[0.489s] running install_egg_info
[0.490s] Copying ../../build/chapter2_pkg/chapter2_pkg.egg-info to /home/lhl87/fourth_task/install/chapter2_pkg/lib/python3.10/site-packages/chapter2_pkg-0.0.0-py3.10.egg-info
[0.490s] running install_scripts
[0.501s] Installing Publisher script to /home/lhl87/fourth_task/install/chapter2_pkg/lib/chapter2_pkg
[0.501s] Installing Subscriber script to /home/lhl87/fourth_task/install/chapter2_pkg/lib/chapter2_pkg
[0.501s] writing list of installed files to '/home/lhl87/fourth_task/build/chapter2_pkg/install.log'
[0.513s] Invoked command in '/home/lhl87/fourth_task/src/chapter2_pkg' returned '0': PYTHONPATH=/home/lhl87/fourth_task/build/chapter2_pkg/prefix_override:/usr/lib/python3/dist-packages/colcon_core/task/python/colcon_distutils_commands:/home/lhl87/fourth_task/install/chapter2_pkg/lib/python3.10/site-packages:${PYTHONPATH} /usr/bin/python3 -W ignore:setup.py install is deprecated -W ignore:easy_install command is deprecated setup.py egg_info --egg-base ../../build/chapter2_pkg build --build-base /home/lhl87/fourth_task/build/chapter2_pkg/build install --record /home/lhl87/fourth_task/build/chapter2_pkg/install.log --install-scripts $base/lib/chapter2_pkg --single-version-externally-managed install_data
