[0.236s] DEBUG:colcon:Command line arguments: ['/usr/bin/colcon', 'build', '--packages-select', 'chapter2_pkg']
[0.236s] DEBUG:colcon:Parsed command line arguments: Namespace(log_base=None, log_level=None, verb_name='build', build_base='build', install_base='install', merge_install=False, symlink_install=False, test_result_base=None, continue_on_error=False, executor='parallel', parallel_workers=24, event_handlers=None, ignore_user_meta=False, metas=['./colcon.meta'], base_paths=['.'], packages_ignore=None, packages_ignore_regex=None, paths=None, packages_up_to=None, packages_up_to_regex=None, packages_above=None, packages_above_and_dependencies=None, packages_above_depth=None, packages_select_by_dep=None, packages_skip_by_dep=None, packages_skip_up_to=None, packages_select_build_failed=False, packages_skip_build_finished=False, packages_select_test_failures=False, packages_skip_test_passed=False, packages_select=['chapter2_pkg'], packages_skip=None, packages_select_regex=None, packages_skip_regex=None, packages_start=None, packages_end=None, allow_overriding=[], cmake_args=None, cmake_target=None, cmake_target_skip_unavailable=False, cmake_clean_cache=False, cmake_clean_first=False, cmake_force_configure=False, ament_cmake_args=None, catkin_cmake_args=None, catkin_skip_building_tests=False, mixin_files=None, mixin=None, verb_parser=<colcon_mixin.mixin.mixin_argument.MixinArgumentDecorator object at 0x741c35e4dbd0>, verb_extension=<colcon_core.verb.build.BuildVerb object at 0x741c35e4d540>, main=<bound method BuildVerb.main of <colcon_core.verb.build.BuildVerb object at 0x741c35e4d540>>, mixin_verb=('build',))
[0.440s] Level 1:colcon.colcon_core.package_discovery:discover_packages(colcon_meta) check parameters
[0.440s] Level 1:colcon.colcon_core.package_discovery:discover_packages(recursive) check parameters
[0.440s] Level 1:colcon.colcon_core.package_discovery:discover_packages(ignore) check parameters
[0.440s] Level 1:colcon.colcon_core.package_discovery:discover_packages(path) check parameters
[0.440s] Level 1:colcon.colcon_core.package_discovery:discover_packages(colcon_meta) discover
[0.440s] Level 1:colcon.colcon_core.package_discovery:discover_packages(recursive) discover
[0.440s] INFO:colcon.colcon_core.package_discovery:Crawling recursively for packages in '/home/lhl87/fourth_task'
[0.440s] Level 1:colcon.colcon_core.package_identification:_identify(.) by extensions ['ignore', 'ignore_ament_install']
[0.440s] Level 1:colcon.colcon_core.package_identification:_identify(.) by extension 'ignore'
[0.440s] Level 1:colcon.colcon_core.package_identification:_identify(.) by extension 'ignore_ament_install'
[0.440s] Level 1:colcon.colcon_core.package_identification:_identify(.) by extensions ['colcon_pkg']
[0.440s] Level 1:colcon.colcon_core.package_identification:_identify(.) by extension 'colcon_pkg'
[0.440s] Level 1:colcon.colcon_core.package_identification:_identify(.) by extensions ['colcon_meta']
[0.440s] Level 1:colcon.colcon_core.package_identification:_identify(.) by extension 'colcon_meta'
[0.440s] Level 1:colcon.colcon_core.package_identification:_identify(.) by extensions ['ros']
[0.440s] Level 1:colcon.colcon_core.package_identification:_identify(.) by extension 'ros'
[0.466s] Level 1:colcon.colcon_core.package_identification:_identify(.) by extensions ['cmake', 'python']
[0.466s] Level 1:colcon.colcon_core.package_identification:_identify(.) by extension 'cmake'
[0.466s] Level 1:colcon.colcon_core.package_identification:_identify(.) by extension 'python'
[0.466s] Level 1:colcon.colcon_core.package_identification:_identify(.) by extensions ['python_setup_py']
[0.466s] Level 1:colcon.colcon_core.package_identification:_identify(.) by extension 'python_setup_py'
[0.466s] Level 1:colcon.colcon_core.package_identification:_identify(build) by extensions ['ignore', 'ignore_ament_install']
[0.466s] Level 1:colcon.colcon_core.package_identification:_identify(build) by extension 'ignore'
[0.466s] Level 1:colcon.colcon_core.package_identification:_identify(build) ignored
[0.466s] Level 1:colcon.colcon_core.package_identification:_identify(install) by extensions ['ignore', 'ignore_ament_install']
[0.467s] Level 1:colcon.colcon_core.package_identification:_identify(install) by extension 'ignore'
[0.467s] Level 1:colcon.colcon_core.package_identification:_identify(install) ignored
[0.467s] Level 1:colcon.colcon_core.package_identification:_identify(log) by extensions ['ignore', 'ignore_ament_install']
[0.467s] Level 1:colcon.colcon_core.package_identification:_identify(log) by extension 'ignore'
[0.467s] Level 1:colcon.colcon_core.package_identification:_identify(log) ignored
[0.467s] Level 1:colcon.colcon_core.package_identification:_identify(notes) by extensions ['ignore', 'ignore_ament_install']
[0.467s] Level 1:colcon.colcon_core.package_identification:_identify(notes) by extension 'ignore'
[0.467s] Level 1:colcon.colcon_core.package_identification:_identify(notes) by extension 'ignore_ament_install'
[0.467s] Level 1:colcon.colcon_core.package_identification:_identify(notes) by extensions ['colcon_pkg']
[0.467s] Level 1:colcon.colcon_core.package_identification:_identify(notes) by extension 'colcon_pkg'
[0.467s] Level 1:colcon.colcon_core.package_identification:_identify(notes) by extensions ['colcon_meta']
[0.467s] Level 1:colcon.colcon_core.package_identification:_identify(notes) by extension 'colcon_meta'
[0.467s] Level 1:colcon.colcon_core.package_identification:_identify(notes) by extensions ['ros']
[0.467s] Level 1:colcon.colcon_core.package_identification:_identify(notes) by extension 'ros'
[0.467s] Level 1:colcon.colcon_core.package_identification:_identify(notes) by extensions ['cmake', 'python']
[0.467s] Level 1:colcon.colcon_core.package_identification:_identify(notes) by extension 'cmake'
[0.467s] Level 1:colcon.colcon_core.package_identification:_identify(notes) by extension 'python'
[0.467s] Level 1:colcon.colcon_core.package_identification:_identify(notes) by extensions ['python_setup_py']
[0.467s] Level 1:colcon.colcon_core.package_identification:_identify(notes) by extension 'python_setup_py'
[0.467s] Level 1:colcon.colcon_core.package_identification:_identify(src) by extensions ['ignore', 'ignore_ament_install']
[0.467s] Level 1:colcon.colcon_core.package_identification:_identify(src) by extension 'ignore'
[0.467s] Level 1:colcon.colcon_core.package_identification:_identify(src) by extension 'ignore_ament_install'
[0.467s] Level 1:colcon.colcon_core.package_identification:_identify(src) by extensions ['colcon_pkg']
[0.467s] Level 1:colcon.colcon_core.package_identification:_identify(src) by extension 'colcon_pkg'
[0.467s] Level 1:colcon.colcon_core.package_identification:_identify(src) by extensions ['colcon_meta']
[0.467s] Level 1:colcon.colcon_core.package_identification:_identify(src) by extension 'colcon_meta'
[0.467s] Level 1:colcon.colcon_core.package_identification:_identify(src) by extensions ['ros']
[0.467s] Level 1:colcon.colcon_core.package_identification:_identify(src) by extension 'ros'
[0.467s] Level 1:colcon.colcon_core.package_identification:_identify(src) by extensions ['cmake', 'python']
[0.467s] Level 1:colcon.colcon_core.package_identification:_identify(src) by extension 'cmake'
[0.467s] Level 1:colcon.colcon_core.package_identification:_identify(src) by extension 'python'
[0.467s] Level 1:colcon.colcon_core.package_identification:_identify(src) by extensions ['python_setup_py']
[0.467s] Level 1:colcon.colcon_core.package_identification:_identify(src) by extension 'python_setup_py'
[0.467s] Level 1:colcon.colcon_core.package_identification:_identify(src/chapter2_pkg) by extensions ['ignore', 'ignore_ament_install']
[0.467s] Level 1:colcon.colcon_core.package_identification:_identify(src/chapter2_pkg) by extension 'ignore'
[0.467s] Level 1:colcon.colcon_core.package_identification:_identify(src/chapter2_pkg) by extension 'ignore_ament_install'
[0.467s] Level 1:colcon.colcon_core.package_identification:_identify(src/chapter2_pkg) by extensions ['colcon_pkg']
[0.467s] Level 1:colcon.colcon_core.package_identification:_identify(src/chapter2_pkg) by extension 'colcon_pkg'
[0.467s] Level 1:colcon.colcon_core.package_identification:_identify(src/chapter2_pkg) by extensions ['colcon_meta']
[0.467s] Level 1:colcon.colcon_core.package_identification:_identify(src/chapter2_pkg) by extension 'colcon_meta'
[0.467s] Level 1:colcon.colcon_core.package_identification:_identify(src/chapter2_pkg) by extensions ['ros']
[0.467s] Level 1:colcon.colcon_core.package_identification:_identify(src/chapter2_pkg) by extension 'ros'
[0.469s] DEBUG:colcon.colcon_core.package_identification:Package 'src/chapter2_pkg' with type 'ros.ament_python' and name 'chapter2_pkg'
[0.469s] Level 1:colcon.colcon_core.package_identification:_identify(src/mai_pkg) by extensions ['ignore', 'ignore_ament_install']
[0.469s] Level 1:colcon.colcon_core.package_identification:_identify(src/mai_pkg) by extension 'ignore'
[0.470s] Level 1:colcon.colcon_core.package_identification:_identify(src/mai_pkg) by extension 'ignore_ament_install'
[0.470s] Level 1:colcon.colcon_core.package_identification:_identify(src/mai_pkg) by extensions ['colcon_pkg']
[0.470s] Level 1:colcon.colcon_core.package_identification:_identify(src/mai_pkg) by extension 'colcon_pkg'
[0.470s] Level 1:colcon.colcon_core.package_identification:_identify(src/mai_pkg) by extensions ['colcon_meta']
[0.470s] Level 1:colcon.colcon_core.package_identification:_identify(src/mai_pkg) by extension 'colcon_meta'
[0.470s] Level 1:colcon.colcon_core.package_identification:_identify(src/mai_pkg) by extensions ['ros']
[0.470s] Level 1:colcon.colcon_core.package_identification:_identify(src/mai_pkg) by extension 'ros'
[0.470s] DEBUG:colcon.colcon_core.package_identification:Package 'src/mai_pkg' with type 'ros.ament_python' and name 'mai_pkg'
[0.470s] Level 1:colcon.colcon_core.package_discovery:discover_packages(recursive) using defaults
[0.470s] Level 1:colcon.colcon_core.package_discovery:discover_packages(ignore) discover
[0.470s] Level 1:colcon.colcon_core.package_discovery:discover_packages(ignore) using defaults
[0.470s] Level 1:colcon.colcon_core.package_discovery:discover_packages(path) discover
[0.470s] Level 1:colcon.colcon_core.package_discovery:discover_packages(path) using defaults
[0.486s] INFO:colcon.colcon_core.package_selection:Skipping not selected package 'mai_pkg' in 'src/mai_pkg'
[0.486s] Level 1:colcon.colcon_core.package_discovery:discover_packages(prefix_path) check parameters
[0.486s] Level 1:colcon.colcon_core.package_discovery:discover_packages(prefix_path) discover
[0.488s] DEBUG:colcon.colcon_installed_package_information.package_discovery:Found 1 installed packages in /home/lhl87/fourth_task/install
[0.489s] DEBUG:colcon.colcon_installed_package_information.package_discovery:Found 274 installed packages in /opt/ros/humble
[0.489s] Level 1:colcon.colcon_core.package_discovery:discover_packages(prefix_path) using defaults
[0.505s] Level 5:colcon.colcon_core.verb:set package 'chapter2_pkg' build argument 'cmake_args' from command line to 'None'
[0.505s] Level 5:colcon.colcon_core.verb:set package 'chapter2_pkg' build argument 'cmake_target' from command line to 'None'
[0.505s] Level 5:colcon.colcon_core.verb:set package 'chapter2_pkg' build argument 'cmake_target_skip_unavailable' from command line to 'False'
[0.505s] Level 5:colcon.colcon_core.verb:set package 'chapter2_pkg' build argument 'cmake_clean_cache' from command line to 'False'
[0.505s] Level 5:colcon.colcon_core.verb:set package 'chapter2_pkg' build argument 'cmake_clean_first' from command line to 'False'
[0.505s] Level 5:colcon.colcon_core.verb:set package 'chapter2_pkg' build argument 'cmake_force_configure' from command line to 'False'
[0.505s] Level 5:colcon.colcon_core.verb:set package 'chapter2_pkg' build argument 'ament_cmake_args' from command line to 'None'
[0.505s] Level 5:colcon.colcon_core.verb:set package 'chapter2_pkg' build argument 'catkin_cmake_args' from command line to 'None'
[0.505s] Level 5:colcon.colcon_core.verb:set package 'chapter2_pkg' build argument 'catkin_skip_building_tests' from command line to 'False'
[0.505s] DEBUG:colcon.colcon_core.verb:Building package 'chapter2_pkg' with the following arguments: {'ament_cmake_args': None, 'build_base': '/home/lhl87/fourth_task/build/chapter2_pkg', 'catkin_cmake_args': None, 'catkin_skip_building_tests': False, 'cmake_args': None, 'cmake_clean_cache': False, 'cmake_clean_first': False, 'cmake_force_configure': False, 'cmake_target': None, 'cmake_target_skip_unavailable': False, 'install_base': '/home/lhl87/fourth_task/install/chapter2_pkg', 'merge_install': False, 'path': '/home/lhl87/fourth_task/src/chapter2_pkg', 'symlink_install': False, 'test_result_base': None}
[0.505s] INFO:colcon.colcon_core.executor:Executing jobs using 'parallel' executor
[0.506s] DEBUG:colcon.colcon_parallel_executor.executor.parallel:run_until_complete
[0.506s] INFO:colcon.colcon_ros.task.ament_python.build:Building ROS package in '/home/lhl87/fourth_task/src/chapter2_pkg' with build type 'ament_python'
[0.506s] Level 1:colcon.colcon_core.shell:create_environment_hook('chapter2_pkg', 'ament_prefix_path')
[0.510s] INFO:colcon.colcon_core.plugin_system:Skipping extension 'colcon_core.shell.bat': Not used on non-Windows systems
[0.510s] INFO:colcon.colcon_core.shell:Creating environment hook '/home/lhl87/fourth_task/install/chapter2_pkg/share/chapter2_pkg/hook/ament_prefix_path.ps1'
[0.511s] INFO:colcon.colcon_core.shell:Creating environment descriptor '/home/lhl87/fourth_task/install/chapter2_pkg/share/chapter2_pkg/hook/ament_prefix_path.dsv'
[0.511s] INFO:colcon.colcon_core.shell:Creating environment hook '/home/lhl87/fourth_task/install/chapter2_pkg/share/chapter2_pkg/hook/ament_prefix_path.sh'
[0.511s] INFO:colcon.colcon_core.shell:Skip shell extension 'powershell' for command environment: Not usable outside of PowerShell
[0.512s] DEBUG:colcon.colcon_core.shell:Skip shell extension 'dsv' for command environment
[0.626s] INFO:colcon.colcon_core.task.python.build:Building Python package in '/home/lhl87/fourth_task/src/chapter2_pkg'
[0.626s] INFO:colcon.colcon_core.shell:Skip shell extension 'powershell' for command environment: Not usable outside of PowerShell
[0.626s] DEBUG:colcon.colcon_core.shell:Skip shell extension 'dsv' for command environment
[0.891s] DEBUG:colcon.colcon_core.task.python.build:Available setuptools commands: rotate, test, build_ext, sdist, install, upload_docs, bdist_rpm, init_catalog, extract_messages, install_data, build_scripts, develop, setopt, easy_install, egg_info, build_clib, build_py, bdist_egg, bdist_wheel, install_headers, install_lib, bdist, clean, bdist_dumb, check, symlink_data, install_scripts, register, alias, upload, update_catalog, build, saveopts, install_egg_info, compile_catalog, dist_info
[0.893s] DEBUG:colcon.colcon_core.event_handler.log_command:Invoking command in '/home/lhl87/fourth_task/src/chapter2_pkg': PYTHONPATH=/home/lhl87/fourth_task/build/chapter2_pkg/prefix_override:/usr/lib/python3/dist-packages/colcon_core/task/python/colcon_distutils_commands:/home/lhl87/fourth_task/install/chapter2_pkg/lib/python3.10/site-packages:${PYTHONPATH} /usr/bin/python3 -W ignore:setup.py install is deprecated -W ignore:easy_install command is deprecated setup.py egg_info --egg-base ../../build/chapter2_pkg build --build-base /home/lhl87/fourth_task/build/chapter2_pkg/build install --record /home/lhl87/fourth_task/build/chapter2_pkg/install.log --install-scripts $base/lib/chapter2_pkg --single-version-externally-managed install_data
[1.020s] DEBUG:colcon.colcon_core.event_handler.log_command:Invoked command in '/home/lhl87/fourth_task/src/chapter2_pkg' returned '0': PYTHONPATH=/home/lhl87/fourth_task/build/chapter2_pkg/prefix_override:/usr/lib/python3/dist-packages/colcon_core/task/python/colcon_distutils_commands:/home/lhl87/fourth_task/install/chapter2_pkg/lib/python3.10/site-packages:${PYTHONPATH} /usr/bin/python3 -W ignore:setup.py install is deprecated -W ignore:easy_install command is deprecated setup.py egg_info --egg-base ../../build/chapter2_pkg build --build-base /home/lhl87/fourth_task/build/chapter2_pkg/build install --record /home/lhl87/fourth_task/build/chapter2_pkg/install.log --install-scripts $base/lib/chapter2_pkg --single-version-externally-managed install_data
[1.025s] Level 1:colcon.colcon_core.environment:checking '/home/lhl87/fourth_task/install/chapter2_pkg' for CMake module files
[1.025s] Level 1:colcon.colcon_core.environment:checking '/home/lhl87/fourth_task/install/chapter2_pkg' for CMake config files
[1.025s] Level 1:colcon.colcon_core.environment:checking '/home/lhl87/fourth_task/install/chapter2_pkg/lib'
[1.025s] Level 1:colcon.colcon_core.environment:checking '/home/lhl87/fourth_task/install/chapter2_pkg/bin'
[1.025s] Level 1:colcon.colcon_core.environment:checking '/home/lhl87/fourth_task/install/chapter2_pkg/lib/pkgconfig/chapter2_pkg.pc'
[1.025s] Level 1:colcon.colcon_core.environment:checking '/home/lhl87/fourth_task/install/chapter2_pkg/lib/python3.10/site-packages'
[1.025s] Level 1:colcon.colcon_core.shell:create_environment_hook('chapter2_pkg', 'pythonpath')
[1.026s] INFO:colcon.colcon_core.shell:Creating environment hook '/home/lhl87/fourth_task/install/chapter2_pkg/share/chapter2_pkg/hook/pythonpath.ps1'
[1.026s] INFO:colcon.colcon_core.shell:Creating environment descriptor '/home/lhl87/fourth_task/install/chapter2_pkg/share/chapter2_pkg/hook/pythonpath.dsv'
[1.026s] INFO:colcon.colcon_core.shell:Creating environment hook '/home/lhl87/fourth_task/install/chapter2_pkg/share/chapter2_pkg/hook/pythonpath.sh'
[1.026s] Level 1:colcon.colcon_core.environment:checking '/home/lhl87/fourth_task/install/chapter2_pkg/bin'
[1.026s] Level 1:colcon.colcon_core.environment:create_environment_scripts_only(chapter2_pkg)
[1.027s] INFO:colcon.colcon_core.shell:Creating package script '/home/lhl87/fourth_task/install/chapter2_pkg/share/chapter2_pkg/package.ps1'
[1.027s] INFO:colcon.colcon_core.shell:Creating package descriptor '/home/lhl87/fourth_task/install/chapter2_pkg/share/chapter2_pkg/package.dsv'
[1.028s] INFO:colcon.colcon_core.shell:Creating package script '/home/lhl87/fourth_task/install/chapter2_pkg/share/chapter2_pkg/package.sh'
[1.028s] INFO:colcon.colcon_core.shell:Creating package script '/home/lhl87/fourth_task/install/chapter2_pkg/share/chapter2_pkg/package.bash'
[1.029s] INFO:colcon.colcon_core.shell:Creating package script '/home/lhl87/fourth_task/install/chapter2_pkg/share/chapter2_pkg/package.zsh'
[1.029s] Level 1:colcon.colcon_core.environment:create_file_with_runtime_dependencies(/home/lhl87/fourth_task/install/chapter2_pkg/share/colcon-core/packages/chapter2_pkg)
[1.030s] DEBUG:colcon.colcon_parallel_executor.executor.parallel:closing loop
[1.030s] DEBUG:colcon.colcon_parallel_executor.executor.parallel:loop closed
[1.030s] DEBUG:colcon.colcon_parallel_executor.executor.parallel:run_until_complete finished with '0'
[1.030s] DEBUG:colcon.colcon_core.event_reactor:joining thread
[1.056s] INFO:colcon.colcon_core.plugin_system:Skipping extension 'colcon_notification.desktop_notification.notify_send': Could not find 'notify-send'
[1.056s] INFO:colcon.colcon_core.plugin_system:Skipping extension 'colcon_notification.desktop_notification.terminal_notifier': Not used on non-Darwin systems
[1.056s] INFO:colcon.colcon_core.plugin_system:Skipping extension 'colcon_notification.desktop_notification.win32': Not used on non-Windows systems
[1.056s] INFO:colcon.colcon_notification.desktop_notification:Sending desktop notification using 'notify2'
[1.076s] DEBUG:colcon.colcon_notification.desktop_notification.notify2:Failed to initialize notify2: org.freedesktop.DBus.Error.ServiceUnknown: The name org.freedesktop.Notifications was not provided by any .service files
[1.077s] DEBUG:colcon.colcon_core.event_reactor:joined thread
[1.077s] INFO:colcon.colcon_core.shell:Creating prefix script '/home/lhl87/fourth_task/install/local_setup.ps1'
[1.078s] INFO:colcon.colcon_core.shell:Creating prefix util module '/home/lhl87/fourth_task/install/_local_setup_util_ps1.py'
[1.079s] INFO:colcon.colcon_core.shell:Creating prefix chain script '/home/lhl87/fourth_task/install/setup.ps1'
[1.079s] INFO:colcon.colcon_core.shell:Creating prefix script '/home/lhl87/fourth_task/install/local_setup.sh'
[1.080s] INFO:colcon.colcon_core.shell:Creating prefix util module '/home/lhl87/fourth_task/install/_local_setup_util_sh.py'
[1.080s] INFO:colcon.colcon_core.shell:Creating prefix chain script '/home/lhl87/fourth_task/install/setup.sh'
[1.081s] INFO:colcon.colcon_core.shell:Creating prefix script '/home/lhl87/fourth_task/install/local_setup.bash'
[1.081s] INFO:colcon.colcon_core.shell:Creating prefix chain script '/home/lhl87/fourth_task/install/setup.bash'
[1.082s] INFO:colcon.colcon_core.shell:Creating prefix script '/home/lhl87/fourth_task/install/local_setup.zsh'
[1.082s] INFO:colcon.colcon_core.shell:Creating prefix chain script '/home/lhl87/fourth_task/install/setup.zsh'
