running egg_info
creating ../../build/chapter3_pkg/chapter3_pkg.egg-info
writing ../../build/chapter3_pkg/chapter3_pkg.egg-info/PKG-INFO
writing dependency_links to ../../build/chapter3_pkg/chapter3_pkg.egg-info/dependency_links.txt
writing entry points to ../../build/chapter3_pkg/chapter3_pkg.egg-info/entry_points.txt
writing requirements to ../../build/chapter3_pkg/chapter3_pkg.egg-info/requires.txt
writing top-level names to ../../build/chapter3_pkg/chapter3_pkg.egg-info/top_level.txt
writing manifest file '../../build/chapter3_pkg/chapter3_pkg.egg-info/SOURCES.txt'
reading manifest file '../../build/chapter3_pkg/chapter3_pkg.egg-info/SOURCES.txt'
writing manifest file '../../build/chapter3_pkg/chapter3_pkg.egg-info/SOURCES.txt'
running build
running build_py
creating /home/lhl87/fourth_task/build/chapter3_pkg/build
creating /home/lhl87/fourth_task/build/chapter3_pkg/build/lib
creating /home/lhl87/fourth_task/build/chapter3_pkg/build/lib/chapter3_pkg
copying chapter3_pkg/subscriber.py -> /home/lhl87/fourth_task/build/chapter3_pkg/build/lib/chapter3_pkg
copying chapter3_pkg/__init__.py -> /home/lhl87/fourth_task/build/chapter3_pkg/build/lib/chapter3_pkg
copying chapter3_pkg/publisher.py -> /home/lhl87/fourth_task/build/chapter3_pkg/build/lib/chapter3_pkg
running install
running install_lib
creating /home/lhl87/fourth_task/install/chapter3_pkg/lib/python3.10/site-packages/chapter3_pkg
copying /home/lhl87/fourth_task/build/chapter3_pkg/build/lib/chapter3_pkg/subscriber.py -> /home/lhl87/fourth_task/install/chapter3_pkg/lib/python3.10/site-packages/chapter3_pkg
copying /home/lhl87/fourth_task/build/chapter3_pkg/build/lib/chapter3_pkg/__init__.py -> /home/lhl87/fourth_task/install/chapter3_pkg/lib/python3.10/site-packages/chapter3_pkg
copying /home/lhl87/fourth_task/build/chapter3_pkg/build/lib/chapter3_pkg/publisher.py -> /home/lhl87/fourth_task/install/chapter3_pkg/lib/python3.10/site-packages/chapter3_pkg
byte-compiling /home/lhl87/fourth_task/install/chapter3_pkg/lib/python3.10/site-packages/chapter3_pkg/subscriber.py to subscriber.cpython-310.pyc
byte-compiling /home/lhl87/fourth_task/install/chapter3_pkg/lib/python3.10/site-packages/chapter3_pkg/__init__.py to __init__.cpython-310.pyc
byte-compiling /home/lhl87/fourth_task/install/chapter3_pkg/lib/python3.10/site-packages/chapter3_pkg/publisher.py to publisher.cpython-310.pyc
running install_data
creating /home/lhl87/fourth_task/install/chapter3_pkg/share/ament_index
creating /home/lhl87/fourth_task/install/chapter3_pkg/share/ament_index/resource_index
creating /home/lhl87/fourth_task/install/chapter3_pkg/share/ament_index/resource_index/packages
copying resource/chapter3_pkg -> /home/lhl87/fourth_task/install/chapter3_pkg/share/ament_index/resource_index/packages
copying package.xml -> /home/lhl87/fourth_task/install/chapter3_pkg/share/chapter3_pkg
creating /home/lhl87/fourth_task/install/chapter3_pkg/share/chapter3_pkg/launch
creating /home/lhl87/fourth_task/install/chapter3_pkg/share/chapter3_pkg/config
running install_egg_info
Copying ../../build/chapter3_pkg/chapter3_pkg.egg-info to /home/lhl87/fourth_task/install/chapter3_pkg/lib/python3.10/site-packages/chapter3_pkg-0.0.0-py3.10.egg-info
running install_scripts
Installing publisher script to /home/lhl87/fourth_task/install/chapter3_pkg/lib/chapter3_pkg
Installing subscriber script to /home/lhl87/fourth_task/install/chapter3_pkg/lib/chapter3_pkg
writing list of installed files to '/home/lhl87/fourth_task/build/chapter3_pkg/install.log'
