[0.393s] Invoking command in '/home/lhl87/fourth_task/src/chapter3_pkg': PYTHONPATH=/home/lhl87/fourth_task/build/chapter3_pkg/prefix_override:/usr/lib/python3/dist-packages/colcon_core/task/python/colcon_distutils_commands:/home/lhl87/fourth_task/install/chapter3_pkg/lib/python3.10/site-packages:${PYTHONPATH} /usr/bin/python3 -W ignore:setup.py install is deprecated -W ignore:easy_install command is deprecated setup.py egg_info --egg-base ../../build/chapter3_pkg build --build-base /home/lhl87/fourth_task/build/chapter3_pkg/build install --record /home/lhl87/fourth_task/build/chapter3_pkg/install.log --install-scripts $base/lib/chapter3_pkg --single-version-externally-managed install_data
[0.494s] running egg_info
[0.494s] creating ../../build/chapter3_pkg/chapter3_pkg.egg-info
[0.494s] writing ../../build/chapter3_pkg/chapter3_pkg.egg-info/PKG-INFO
[0.496s] writing dependency_links to ../../build/chapter3_pkg/chapter3_pkg.egg-info/dependency_links.txt
[0.496s] writing entry points to ../../build/chapter3_pkg/chapter3_pkg.egg-info/entry_points.txt
[0.496s] writing requirements to ../../build/chapter3_pkg/chapter3_pkg.egg-info/requires.txt
[0.497s] writing top-level names to ../../build/chapter3_pkg/chapter3_pkg.egg-info/top_level.txt
[0.497s] writing manifest file '../../build/chapter3_pkg/chapter3_pkg.egg-info/SOURCES.txt'
[0.497s] reading manifest file '../../build/chapter3_pkg/chapter3_pkg.egg-info/SOURCES.txt'
[0.498s] writing manifest file '../../build/chapter3_pkg/chapter3_pkg.egg-info/SOURCES.txt'
[0.498s] running build
[0.498s] running build_py
[0.498s] creating /home/lhl87/fourth_task/build/chapter3_pkg/build
[0.498s] creating /home/lhl87/fourth_task/build/chapter3_pkg/build/lib
[0.498s] creating /home/lhl87/fourth_task/build/chapter3_pkg/build/lib/chapter3_pkg
[0.498s] copying chapter3_pkg/subscriber.py -> /home/lhl87/fourth_task/build/chapter3_pkg/build/lib/chapter3_pkg
[0.499s] copying chapter3_pkg/__init__.py -> /home/lhl87/fourth_task/build/chapter3_pkg/build/lib/chapter3_pkg
[0.499s] copying chapter3_pkg/publisher.py -> /home/lhl87/fourth_task/build/chapter3_pkg/build/lib/chapter3_pkg
[0.499s] running install
[0.499s] running install_lib
[0.500s] creating /home/lhl87/fourth_task/install/chapter3_pkg/lib/python3.10/site-packages/chapter3_pkg
[0.500s] copying /home/lhl87/fourth_task/build/chapter3_pkg/build/lib/chapter3_pkg/subscriber.py -> /home/lhl87/fourth_task/install/chapter3_pkg/lib/python3.10/site-packages/chapter3_pkg
[0.500s] copying /home/lhl87/fourth_task/build/chapter3_pkg/build/lib/chapter3_pkg/__init__.py -> /home/lhl87/fourth_task/install/chapter3_pkg/lib/python3.10/site-packages/chapter3_pkg
[0.500s] copying /home/lhl87/fourth_task/build/chapter3_pkg/build/lib/chapter3_pkg/publisher.py -> /home/lhl87/fourth_task/install/chapter3_pkg/lib/python3.10/site-packages/chapter3_pkg
[0.501s] byte-compiling /home/lhl87/fourth_task/install/chapter3_pkg/lib/python3.10/site-packages/chapter3_pkg/subscriber.py to subscriber.cpython-310.pyc
[0.501s] byte-compiling /home/lhl87/fourth_task/install/chapter3_pkg/lib/python3.10/site-packages/chapter3_pkg/__init__.py to __init__.cpython-310.pyc
[0.502s] byte-compiling /home/lhl87/fourth_task/install/chapter3_pkg/lib/python3.10/site-packages/chapter3_pkg/publisher.py to publisher.cpython-310.pyc
[0.502s] running install_data
[0.502s] creating /home/lhl87/fourth_task/install/chapter3_pkg/share/ament_index
[0.502s] creating /home/lhl87/fourth_task/install/chapter3_pkg/share/ament_index/resource_index
[0.502s] creating /home/lhl87/fourth_task/install/chapter3_pkg/share/ament_index/resource_index/packages
[0.502s] copying resource/chapter3_pkg -> /home/lhl87/fourth_task/install/chapter3_pkg/share/ament_index/resource_index/packages
[0.503s] copying package.xml -> /home/lhl87/fourth_task/install/chapter3_pkg/share/chapter3_pkg
[0.503s] creating /home/lhl87/fourth_task/install/chapter3_pkg/share/chapter3_pkg/launch
[0.503s] creating /home/lhl87/fourth_task/install/chapter3_pkg/share/chapter3_pkg/config
[0.503s] running install_egg_info
[0.504s] Copying ../../build/chapter3_pkg/chapter3_pkg.egg-info to /home/lhl87/fourth_task/install/chapter3_pkg/lib/python3.10/site-packages/chapter3_pkg-0.0.0-py3.10.egg-info
[0.505s] running install_scripts
[0.516s] Installing publisher script to /home/lhl87/fourth_task/install/chapter3_pkg/lib/chapter3_pkg
[0.516s] Installing subscriber script to /home/lhl87/fourth_task/install/chapter3_pkg/lib/chapter3_pkg
[0.516s] writing list of installed files to '/home/lhl87/fourth_task/build/chapter3_pkg/install.log'
[0.529s] Invoked command in '/home/lhl87/fourth_task/src/chapter3_pkg' returned '0': PYTHONPATH=/home/lhl87/fourth_task/build/chapter3_pkg/prefix_override:/usr/lib/python3/dist-packages/colcon_core/task/python/colcon_distutils_commands:/home/lhl87/fourth_task/install/chapter3_pkg/lib/python3.10/site-packages:${PYTHONPATH} /usr/bin/python3 -W ignore:setup.py install is deprecated -W ignore:easy_install command is deprecated setup.py egg_info --egg-base ../../build/chapter3_pkg build --build-base /home/lhl87/fourth_task/build/chapter3_pkg/build install --record /home/lhl87/fourth_task/build/chapter3_pkg/install.log --install-scripts $base/lib/chapter3_pkg --single-version-externally-managed install_data
