[0.429s] Invoking command in '/home/lhl87/fourth_task/src/mai_pkg': PYTHONPATH=/home/lhl87/fourth_task/build/mai_pkg/prefix_override:/usr/lib/python3/dist-packages/colcon_core/task/python/colcon_distutils_commands:/home/lhl87/fourth_task/install/mai_pkg/lib/python3.10/site-packages:${PYTHONPATH} /usr/bin/python3 -W ignore:setup.py install is deprecated -W ignore:easy_install command is deprecated setup.py egg_info --egg-base ../../build/mai_pkg build --build-base /home/lhl87/fourth_task/build/mai_pkg/build install --record /home/lhl87/fourth_task/build/mai_pkg/install.log --install-scripts $base/lib/mai_pkg --single-version-externally-managed install_data
[0.535s] running egg_info
[0.535s] writing ../../build/mai_pkg/mai_pkg.egg-info/PKG-INFO
[0.537s] writing dependency_links to ../../build/mai_pkg/mai_pkg.egg-info/dependency_links.txt
[0.537s] writing entry points to ../../build/mai_pkg/mai_pkg.egg-info/entry_points.txt
[0.537s] writing requirements to ../../build/mai_pkg/mai_pkg.egg-info/requires.txt
[0.537s] writing top-level names to ../../build/mai_pkg/mai_pkg.egg-info/top_level.txt
[0.538s] reading manifest file '../../build/mai_pkg/mai_pkg.egg-info/SOURCES.txt'
[0.538s] writing manifest file '../../build/mai_pkg/mai_pkg.egg-info/SOURCES.txt'
[0.539s] running build
[0.539s] running build_py
[0.539s] copying mai_pkg/turtle_control.py -> /home/lhl87/fourth_task/build/mai_pkg/build/lib/mai_pkg
[0.539s] running install
[0.539s] running install_lib
[0.540s] copying /home/lhl87/fourth_task/build/mai_pkg/build/lib/mai_pkg/turtle_control.py -> /home/lhl87/fourth_task/install/mai_pkg/lib/python3.10/site-packages/mai_pkg
[0.540s] byte-compiling /home/lhl87/fourth_task/install/mai_pkg/lib/python3.10/site-packages/mai_pkg/turtle_control.py to turtle_control.cpython-310.pyc
[0.541s] running install_data
[0.541s] running install_egg_info
[0.542s] removing '/home/lhl87/fourth_task/install/mai_pkg/lib/python3.10/site-packages/mai_pkg-0.0.0-py3.10.egg-info' (and everything under it)
[0.543s] Copying ../../build/mai_pkg/mai_pkg.egg-info to /home/lhl87/fourth_task/install/mai_pkg/lib/python3.10/site-packages/mai_pkg-0.0.0-py3.10.egg-info
[0.544s] running install_scripts
[0.555s] Installing TurtleControl script to /home/lhl87/fourth_task/install/mai_pkg/lib/mai_pkg
[0.555s] writing list of installed files to '/home/lhl87/fourth_task/build/mai_pkg/install.log'
[0.569s] Invoked command in '/home/lhl87/fourth_task/src/mai_pkg' returned '0': PYTHONPATH=/home/lhl87/fourth_task/build/mai_pkg/prefix_override:/usr/lib/python3/dist-packages/colcon_core/task/python/colcon_distutils_commands:/home/lhl87/fourth_task/install/mai_pkg/lib/python3.10/site-packages:${PYTHONPATH} /usr/bin/python3 -W ignore:setup.py install is deprecated -W ignore:easy_install command is deprecated setup.py egg_info --egg-base ../../build/mai_pkg build --build-base /home/lhl87/fourth_task/build/mai_pkg/build install --record /home/lhl87/fourth_task/build/mai_pkg/install.log --install-scripts $base/lib/mai_pkg --single-version-externally-managed install_data
